> teuksae-app-v1@1.0.0 build
> tsc -p tsconfig.app.json --noEmit && vite build

vite v6.4.3 building for production...
transforming...
✓ 153 modules transformed.
rendering chunks...
computing gzip size...
dist/index.html                               1.17 kB │ gzip:  0.65 kB
dist/assets/crown-Bo5xwE7Q.jpg               31.44 kB
dist/assets/poster-rljmloGM.jpg             122.34 kB
dist/assets/prayerBoards-DU1ZHAA4.css         0.56 kB │ gzip:  0.26 kB
dist/assets/LiveOperations-D9ZQi39x.css       1.21 kB │ gzip:  0.47 kB
dist/assets/admin-bootstrap-CP9vF1p8.css     10.69 kB │ gzip:  2.75 kB
dist/assets/legacy-bootstrap-BarQj8k1.css    26.95 kB │ gzip:  6.06 kB
dist/assets/landing-bootstrap-DE06J5Wy.css   55.64 kB │ gzip: 12.03 kB
dist/assets/prayerBoards-Cp2nznjZ.js          2.42 kB │ gzip:  1.37 kB
dist/assets/index-Dgr2NYQz.js                 2.92 kB │ gzip:  1.47 kB
dist/assets/LiveOperations-BYTeiDQn.js       35.79 kB │ gzip: 12.65 kB
dist/assets/admin-bootstrap-CI_Cu3kD.js      61.91 kB │ gzip: 18.07 kB
dist/assets/landing-bootstrap-DhvTdGUU.js    75.88 kB │ gzip: 25.95 kB
dist/assets/index-C6pLURBQ.js               200.40 kB │ gzip: 63.45 kB
dist/assets/legacy-bootstrap-Bx-oqutV.js    296.61 kB │ gzip: 80.99 kB
✓ built in 578ms
