
> teuksae-app-v1@1.0.0 build
> tsc -p tsconfig.app.json --noEmit && vite build

vite v6.4.3 building for production...
transforming...
✓ 152 modules transformed.
rendering chunks...
computing gzip size...
dist/index.html                               1.17 kB │ gzip:  0.65 kB
dist/assets/crown-Bo5xwE7Q.jpg               31.44 kB
dist/assets/poster-rljmloGM.jpg             122.34 kB
dist/assets/prayerBoards-DU1ZHAA4.css         0.56 kB │ gzip:  0.26 kB
dist/assets/admin-bootstrap-CP9vF1p8.css     10.69 kB │ gzip:  2.75 kB
dist/assets/legacy-bootstrap-DvdwESFn.css    26.46 kB │ gzip:  5.95 kB
dist/assets/landing-bootstrap-H46dKaF5.css   56.69 kB │ gzip: 12.20 kB
dist/assets/index-Bz9wkau0.js                 2.84 kB │ gzip:  1.45 kB
dist/assets/prayerBoards-B0nCrxk0.js          6.13 kB │ gzip:  2.83 kB
dist/assets/admin-bootstrap-p93NSo43.js      61.26 kB │ gzip: 17.89 kB
dist/assets/landing-bootstrap-BiKJQun8.js   109.06 kB │ gzip: 36.45 kB
dist/assets/client-CHysikb-.js              193.84 kB │ gzip: 60.55 kB
dist/assets/legacy-bootstrap-I3B5-E7O.js    296.39 kB │ gzip: 80.91 kB
✓ built in 637ms
