
> teuksae-app-v1@1.0.0 build
> tsc -p tsconfig.app.json --noEmit && vite build

vite v6.4.3 building for production...
transforming...
✓ 153 modules transformed.
rendering chunks...
computing gzip size...
dist/index.html                               1.17 kB │ gzip:  0.65 kB
dist/assets/crown-Bo5xwE7Q.jpg               31.44 kB
dist/assets/poster-rljmloGM.jpg             122.34 kB
dist/assets/prayerBoards-DU1ZHAA4.css         0.56 kB │ gzip:  0.26 kB
dist/assets/admin-bootstrap-CP9vF1p8.css     10.69 kB │ gzip:  2.75 kB
dist/assets/legacy-bootstrap-DvdwESFn.css    26.46 kB │ gzip:  5.95 kB
dist/assets/landing-bootstrap-5ar1WFgY.css   56.78 kB │ gzip: 12.22 kB
dist/assets/index-uoor0C40.js                 2.84 kB │ gzip:  1.44 kB
dist/assets/prayerBoards-DpMGV_3T.js          6.13 kB │ gzip:  2.83 kB
dist/assets/admin-bootstrap-Df6N0Hq3.js      61.91 kB │ gzip: 18.08 kB
dist/assets/landing-bootstrap-BAXPe10M.js   110.02 kB │ gzip: 36.72 kB
dist/assets/index-C02CeNhn.js               196.53 kB │ gzip: 61.69 kB
dist/assets/legacy-bootstrap-DJNVvH4e.js    296.41 kB │ gzip: 80.91 kB
✓ built in 585ms
